[thevectorlab.net/kryptix/blog-list.html]
[backblue.gif]
[fade.gif]
[index.html]
[thevectorlab.net/kryptix/assets/vendor/bootstrap/css/bootstrap.min.css]
[thevectorlab.net/kryptix/assets/vendor/font-awesome/css/font-awesome.min.css]
[thevectorlab.net/kryptix/assets/vendor/bicon/css/bicon.min.css]
[thevectorlab.net/kryptix/assets/vendor/animate.css]
[thevectorlab.net/kryptix/assets/vendor/owl/assets/owl.carousel.min.css]
[thevectorlab.net/kryptix/assets/vendor/magnific-popup/magnific-popup.css]
[thevectorlab.net/kryptix/assets/css/main.css]
[thevectorlab.net/kryptix/assets/img/logo2.png]
[thevectorlab.net/kryptix/landing-1-light.html]
[thevectorlab.net/kryptix/blog-single.html]
[thevectorlab.net/kryptix/assets/img/b1.jpg]
[thevectorlab.net/kryptix/assets/img/b2.jpg]
[thevectorlab.net/kryptix/assets/img/b3.jpg]
[thevectorlab.net/kryptix/assets/img/fc1.png]
[thevectorlab.net/kryptix/assets/img/fc2.png]
[thevectorlab.net/kryptix/assets/img/fc3.png]
[thevectorlab.net/kryptix/assets/img/fc4.png]
[thevectorlab.net/kryptix/assets/vendor/jquery/jquery.min.js]
[thevectorlab.net/kryptix/assets/vendor/popper.min.js]
[thevectorlab.net/kryptix/assets/vendor/wow.min.js]
[thevectorlab.net/kryptix/assets/vendor/bootstrap/js/bootstrap.min.js]
[thevectorlab.net/kryptix/assets/vendor/jquery.easing.min.js]
[thevectorlab.net/kryptix/assets/vendor/jquery.countdown.min.js]
[thevectorlab.net/kryptix/assets/vendor/owl/owl.carousel.min.js]
[thevectorlab.net/kryptix/assets/vendor/magnific-popup/jquery.magnific-popup.min.js]
[thevectorlab.net/kryptix/assets/vendor/contact-form/form-validator.min.js]
[thevectorlab.net/kryptix/assets/vendor/contact-form/contact-form-script.js]
[thevectorlab.net/kryptix/assets/js/scripts.js]
[thevectorlab.net/kryptix/blog-list.html]
[thevectorlab.net/kryptix/assets/img/favicon.html]
[thevectorlab.net/kryptix/assets/vendor/bootstrap/css/bootstrap.min.css]
[thevectorlab.net/kryptix/assets/vendor/font-awesome/fonts/fontawesome-webfont3e6e.eot]
[thevectorlab.net/kryptix/assets/vendor/font-awesome/fonts/fontawesome-webfontd41d.eot]
[thevectorlab.net/kryptix/assets/vendor/font-awesome/fonts/fontawesome-webfont3e6e.woff]
[thevectorlab.net/kryptix/assets/vendor/font-awesome/fonts/fontawesome-webfont3e6e.ttf]
[thevectorlab.net/kryptix/assets/vendor/font-awesome/fonts/fontawesome-webfont3e6e.svg]
[thevectorlab.net/kryptix/assets/vendor/font-awesome/css/font-awesome.min.css]
[thevectorlab.net/kryptix/assets/vendor/bicon/fonts/bicon615a.eot]
[thevectorlab.net/kryptix/assets/vendor/bicon/fonts/bicon615a.ttf]
[thevectorlab.net/kryptix/assets/vendor/bicon/fonts/bicon615a.woff]
[thevectorlab.net/kryptix/assets/vendor/bicon/fonts/bicon615a.svg]
[thevectorlab.net/kryptix/assets/vendor/bicon/css/bicon.min.css]
[thevectorlab.net/kryptix/assets/vendor/animate.css]
[thevectorlab.net/kryptix/assets/vendor/owl/assets/owl.video.play.png]
[thevectorlab.net/kryptix/assets/vendor/owl/assets/owl.carousel.min.css]
[thevectorlab.net/kryptix/assets/vendor/magnific-popup/magnific-popup.css]
[thevectorlab.net/kryptix/assets/img/line.png]
[thevectorlab.net/kryptix/assets/css/main.css]
[thevectorlab.net/kryptix/assets/img/banner-thumb.png]
[thevectorlab.net/kryptix/assets/img/banner-curve.png]
[thevectorlab.net/kryptix/assets/img/c1.png]
[thevectorlab.net/kryptix/assets/img/c2.png]
[thevectorlab.net/kryptix/assets/img/c3.png]
[thevectorlab.net/kryptix/assets/img/c4.png]
[thevectorlab.net/kryptix/assets/img/c5.png]
[thevectorlab.net/kryptix/assets/img/svg-icons/bitcoin.svg]
[thevectorlab.net/kryptix/assets/img/svg-icons/dash.svg]
[thevectorlab.net/kryptix/assets/img/svg-icons/Ethereum.svg]
[thevectorlab.net/kryptix/assets/img/svg-icons/ripple.svg]
[thevectorlab.net/kryptix/assets/img/svg-icons/litecoin.svg]
[thevectorlab.net/kryptix/assets/img/art3.png]
[thevectorlab.net/kryptix/assets/img/art4.png]
[thevectorlab.net/kryptix/assets/img/team2.jpg]
[thevectorlab.net/kryptix/assets/img/team1.jpg]
[thevectorlab.net/kryptix/assets/img/team3.jpg]
[thevectorlab.net/kryptix/assets/img/team4.jpg]
[thevectorlab.net/kryptix/assets/img/a1.jpg]
[thevectorlab.net/kryptix/assets/img/a2.jpg]
[thevectorlab.net/kryptix/assets/img/a3.jpg]
[thevectorlab.net/kryptix/assets/img/app-img.png]
[thevectorlab.net/kryptix/assets/img/b4.jpg]
[thevectorlab.net/kryptix/assets/img/telegram-icon.png]
[thevectorlab.net/kryptix/landing-1-light.html]
[thevectorlab.net/kryptix/blog-single.html]
[thevectorlab.net/kryptix/assets/vendor/font-awesome/fonts/fontawesome-webfont3e6e.html]
[thevectorlab.net/kryptix/assets/vendor/font-awesome/fonts/fontawesome-webfont3e6e.svg]
[thevectorlab.net/kryptix/assets/vendor/bicon/fonts/bicon615a.svg]
[thevectorlab.net/kryptix/assets/img/svg-icons/bitcoin.svg]
[thevectorlab.net/kryptix/assets/img/svg-icons/dash.svg]
[thevectorlab.net/kryptix/assets/img/svg-icons/Ethereum.svg]
[thevectorlab.net/kryptix/assets/img/svg-icons/ripple.svg]
[thevectorlab.net/kryptix/assets/img/svg-icons/litecoin.svg]
